{
  "baseline_id": "cobblemon-1.8-20260906",
  "baseline_files": 14297,
  "baseline_raw_bytes": 175632257,
  "overlay_files": 274,
  "masked_deleted_files": 1,
  "overlay_zip_bytes": 1343069,
  "full_zip_bytes": 60940609,
  "changed_paths": [
    "assets/cobblemon/bedrock/pokemon/animations/atlas_compat/atlas_legacy_sandshrew_alolan.animation.json",
    "assets/cobblemon/bedrock/pokemon/animations/atlas_compat/talonflame.animation.json",
    "assets/cobblemon/bedrock/pokemon/animations/atlas_compat18/atlas_compat18_chatot_circus.animation.json",
    "assets/cobblemon/bedrock/pokemon/animations/atlas_legacy18/atlas_legacy18_feraligatr.animation.json",
    "assets/cobblemon/bedrock/pokemon/animations/atlas_msd18/atlas_msd18_appletun_gmax.animation.json",
    "assets/cobblemon/bedrock/pokemon/animations/atlas_msd18/atlas_msd18_blastoise_mega.animation.json",
    "assets/cobblemon/bedrock/pokemon/animations/atlas_msd18/atlas_msd18_carkol.animation.json",
    "assets/cobblemon/bedrock/pokemon/animations/atlas_msd18/atlas_msd18_chienpao.animation.json",
    "assets/cobblemon/bedrock/pokemon/animations/atlas_msd18/atlas_msd18_coalossal.animation.json",
    "assets/cobblemon/bedrock/pokemon/animations/atlas_msd18/atlas_msd18_cobalion.animation.json",
    "assets/cobblemon/bedrock/pokemon/animations/atlas_msd18/atlas_msd18_delphoxmega.animation.json",
    "assets/cobblemon/bedrock/pokemon/animations/atlas_msd18/atlas_msd18_drampamega.animation.json",
    "assets/cobblemon/bedrock/pokemon/animations/atlas_msd18/atlas_msd18_dummy.animation.json",
    "assets/cobblemon/bedrock/pokemon/animations/atlas_msd18/atlas_msd18_entei.animation.json",
    "assets/cobblemon/bedrock/pokemon/animations/atlas_msd18/atlas_msd18_feraligatr_mega.animation.json",
    "assets/cobblemon/bedrock/pokemon/animations/atlas_msd18/atlas_msd18_gmaxgarbodor.animation.json",
    "assets/cobblemon/bedrock/pokemon/animations/atlas_msd18/atlas_msd18_golurk_mega.animation.json",
    "assets/cobblemon/bedrock/pokemon/animations/atlas_msd18/atlas_msd18_heatran.animation.json",
    "assets/cobblemon/bedrock/pokemon/animations/atlas_msd18/atlas_msd18_hoopa_confined.animation.json",
    "assets/cobblemon/bedrock/pokemon/animations/atlas_msd18/atlas_msd18_hoopa_unbound.animation.json",
    "assets/cobblemon/bedrock/pokemon/animations/atlas_msd18/atlas_msd18_megakangaskhan.animation.json",
    "assets/cobblemon/bedrock/pokemon/animations/atlas_msd18/atlas_msd18_pokemans_fezandipiti.animation.json",
    "assets/cobblemon/bedrock/pokemon/animations/atlas_msd18/atlas_msd18_pokemans_munkidori.animation.json",
    "assets/cobblemon/bedrock/pokemon/animations/atlas_msd18/atlas_msd18_pokemans_okidogi.animation.json",
    "assets/cobblemon/bedrock/pokemon/animations/atlas_msd18/atlas_msd18_raikou.animation.json",
    "assets/cobblemon/bedrock/pokemon/animations/atlas_msd18/atlas_msd18_rolycoly.animation.json",
    "assets/cobblemon/bedrock/pokemon/animations/atlas_msd18/atlas_msd18_skarmory.animation.json",
    "assets/cobblemon/bedrock/pokemon/animations/atlas_msd18/atlas_msd18_suicune.animation.json",
    "assets/cobblemon/bedrock/pokemon/animations/atlas_msd18/atlas_msd18_terrakion.animation.json",
    "assets/cobblemon/bedrock/pokemon/animations/atlas_msd18/atlas_msd18_tinglu.animation.json",
    "assets/cobblemon/bedrock/pokemon/animations/atlas_msd18/atlas_msd18_virizion.animation.json",
    "assets/cobblemon/bedrock/pokemon/animations/atlas_msd18/atlas_msd18_wochien.animation.json",
    "assets/cobblemon/bedrock/pokemon/models/02_generation/entei/entei.geo.json",
    "assets/cobblemon/bedrock/pokemon/models/02_generation/raikou/raikou.geo.json",
    "assets/cobblemon/bedrock/pokemon/models/02_generation/suicune/suicune.geo.json",
    "assets/cobblemon/bedrock/pokemon/models/0479_rotom/rotom.geo.json",
    "assets/cobblemon/bedrock/pokemon/models/0479_rotom/rotom_fan.geo.json",
    "assets/cobblemon/bedrock/pokemon/models/0479_rotom/rotom_frost.geo.json",
    "assets/cobblemon/bedrock/pokemon/models/0479_rotom/rotom_heat.geo.json",
    "assets/cobblemon/bedrock/pokemon/models/0479_rotom/rotom_mow.geo.json",
    "assets/cobblemon/bedrock/pokemon/models/0479_rotom/rotom_wash.geo.json",
    "assets/cobblemon/bedrock/pokemon/models/08_generation/blipbug/blipbug.geo.json",
    "assets/cobblemon/bedrock/pokemon/models/08_generation/dottler/dottler.geo.json",
    "assets/cobblemon/bedrock/pokemon/models/08_generation/orbeetle/orbeetle.geo.json",
    "assets/cobblemon/bedrock/pokemon/models/09_generation/wochien/wochien.geo.json",
    "assets/cobblemon/bedrock/pokemon/models/atlas_compat/atlas_compat_emolga_lur.geo.json",
    "assets/cobblemon/bedrock/pokemon/models/atlas_compat/atlas_compat_persian_alolan_st.geo.json",
    "assets/cobblemon/bedrock/pokemon/models/atlas_compat/atlas_compat_persian_alolan_st_aura1.geo.json",
    "assets/cobblemon/bedrock/pokemon/models/atlas_compat/atlas_compat_persian_alolan_st_aura2.geo.json",
    "assets/cobblemon/bedrock/pokemon/models/atlas_compat/atlas_compat_typhlosion_hisuian_spectrum.geo.json",
    "assets/cobblemon/bedrock/pokemon/models/atlas_compat/atlas_compat_typhlosion_hisuian_spectrum_aura1.geo.json",
    "assets/cobblemon/bedrock/pokemon/models/atlas_compat/atlas_compat_typhlosion_hisuian_spectrum_aura2.geo.json",
    "assets/cobblemon/bedrock/pokemon/models/atlas_compat/atlas_compat_wooper_demon_aura1_paldean.geo.json",
    "assets/cobblemon/bedrock/pokemon/models/atlas_compat/atlas_compat_wooper_demon_aura2_paldean.geo.json",
    "assets/cobblemon/bedrock/pokemon/models/atlas_compat/atlas_compat_wooper_demon_paldean.geo.json",
    "assets/cobblemon/bedrock/pokemon/models/atlas_compat/atlas_compat_zoroark_hisuian_circus.geo.json",
    "assets/cobblemon/bedrock/pokemon/models/atlas_compat/atlas_compat_zoroark_hisuian_circus_aura1.geo.json",
    "assets/cobblemon/bedrock/pokemon/models/atlas_compat/atlas_compat_zoroark_hisuian_circus_aura2.geo.json",
    "assets/cobblemon/bedrock/pokemon/models/atlas_compat/atlas_compat_zoroark_hisuian_hw.geo.json",
    "assets/cobblemon/bedrock/pokemon/models/atlas_compat/atlas_compat_zoroark_hisuian_nature.geo.json",
    "assets/cobblemon/bedrock/pokemon/models/atlas_compat/atlas_compat_zoroark_hisuian_nature_aura1.geo.json",
    "assets/cobblemon/bedrock/pokemon/models/atlas_compat/atlas_compat_zoroark_hisuian_nature_aura2.geo.json",
    "assets/cobblemon/bedrock/pokemon/models/atlas_compat/atlas_compat_zoroark_hisuian_superhero.geo.json",
    "assets/cobblemon/bedrock/pokemon/models/atlas_msd18/atlas_msd18_appletun_gmax.geo.json",
    "assets/cobblemon/bedrock/pokemon/models/atlas_msd18/atlas_msd18_blastoise_mega.geo.json",
    "assets/cobblemon/bedrock/pokemon/models/atlas_msd18/atlas_msd18_carkol.geo.json",
    "assets/cobblemon/bedrock/pokemon/models/atlas_msd18/atlas_msd18_chienpao.geo.json",
    "assets/cobblemon/bedrock/pokemon/models/atlas_msd18/atlas_msd18_coalossal.geo.json",
    "assets/cobblemon/bedrock/pokemon/models/atlas_msd18/atlas_msd18_cobalion.geo.json",
    "assets/cobblemon/bedrock/pokemon/models/atlas_msd18/atlas_msd18_delphoxmega.geo.json",
    "assets/cobblemon/bedrock/pokemon/models/atlas_msd18/atlas_msd18_drampamega.geo.json",
    "assets/cobblemon/bedrock/pokemon/models/atlas_msd18/atlas_msd18_entei.geo.json",
    "assets/cobblemon/bedrock/pokemon/models/atlas_msd18/atlas_msd18_feraligatr_mega.geo.json",
    "assets/cobblemon/bedrock/pokemon/models/atlas_msd18/atlas_msd18_fezandipiti.geo.json",
    "assets/cobblemon/bedrock/pokemon/models/atlas_msd18/atlas_msd18_gmax_garbodor.geo.json",
    "assets/cobblemon/bedrock/pokemon/models/atlas_msd18/atlas_msd18_golurk_mega.geo.json",
    "assets/cobblemon/bedrock/pokemon/models/atlas_msd18/atlas_msd18_heatran.geo.json",
    "assets/cobblemon/bedrock/pokemon/models/atlas_msd18/atlas_msd18_hoopa_confined.geo.json",
    "assets/cobblemon/bedrock/pokemon/models/atlas_msd18/atlas_msd18_hoopa_unbound.geo.json",
    "assets/cobblemon/bedrock/pokemon/models/atlas_msd18/atlas_msd18_kangaskhan_mega.geo.json",
    "assets/cobblemon/bedrock/pokemon/models/atlas_msd18/atlas_msd18_munkidori.geo.json",
    "assets/cobblemon/bedrock/pokemon/models/atlas_msd18/atlas_msd18_okidogi.geo.json",
    "assets/cobblemon/bedrock/pokemon/models/atlas_msd18/atlas_msd18_raikou.geo.json",
    "assets/cobblemon/bedrock/pokemon/models/atlas_msd18/atlas_msd18_rolycoly.geo.json",
    "assets/cobblemon/bedrock/pokemon/models/atlas_msd18/atlas_msd18_skarmory_mega.geo.json",
    "assets/cobblemon/bedrock/pokemon/models/atlas_msd18/atlas_msd18_suicune.geo.json",
    "assets/cobblemon/bedrock/pokemon/models/atlas_msd18/atlas_msd18_terrakion.geo.json",
    "assets/cobblemon/bedrock/pokemon/models/atlas_msd18/atlas_msd18_tinglu.geo.json",
    "assets/cobblemon/bedrock/pokemon/models/atlas_msd18/atlas_msd18_virizion.geo.json",
    "assets/cobblemon/bedrock/pokemon/models/atlas_msd18/atlas_msd18_wochien.geo.json",
    "assets/cobblemon/bedrock/pokemon/models/megas/0003_venusaur/venusaurmega.geo.json",
    "assets/cobblemon/bedrock/pokemon/models/megas/0015_beedrill/beedrillmega.geo.json",
    "assets/cobblemon/bedrock/pokemon/models/megas/0018_pidgeot/pidgeot_mega.geo.json",
    "assets/cobblemon/bedrock/pokemon/models/megas/0065_alakazam/alakazam_mega.geo.json",
    "assets/cobblemon/bedrock/pokemon/models/megas/0121_starmie/starmie_mega.geo.json",
    "assets/cobblemon/bedrock/pokemon/models/megas/0130_gyarados/gyarados_mega.geo.json",
    "assets/cobblemon/bedrock/pokemon/models/megas/0142_aerodactyl/aerodactyl_mega.geo.json",
    "assets/cobblemon/bedrock/pokemon/models/megas/0181_ampharos/ampharos_mega.geo.json",
    "assets/cobblemon/bedrock/pokemon/models/megas/0214_heracross/heracross_mega.geo.json",
    "assets/cobblemon/bedrock/pokemon/models/megas/0248_tyranitar/tyranitar_mega.geo.json",
    "assets/cobblemon/bedrock/pokemon/models/megas/0257_blaziken/blaziken_mega.geo.json",
    "assets/cobblemon/bedrock/pokemon/models/megas/0282_gardevoir/gardevoirmega.geo.json",
    "assets/cobblemon/bedrock/pokemon/models/megas/0306_aggron/aggron_mega.geo.json",
    "assets/cobblemon/bedrock/pokemon/models/megas/0319_sharpedo/sharpedomega.geo.json",
    "assets/cobblemon/bedrock/pokemon/models/megas/0323_camerupt/camerupt_mega.geo.json",
    "assets/cobblemon/bedrock/pokemon/models/megas/0359_absol/absol_mega.geo.json",
    "assets/cobblemon/bedrock/pokemon/models/megas/0362_glalie/glalie_mega.geo.json",
    "assets/cobblemon/bedrock/pokemon/models/megas/0373_salamence/salamencemega.geo.json",
    "assets/cobblemon/bedrock/pokemon/models/megas/0376_metagross/metagross_mega.geo.json",
    "assets/cobblemon/bedrock/pokemon/models/megas/0428_lopunny/lopunny_mega.geo.json",
    "assets/cobblemon/bedrock/pokemon/models/megas/0448_lucario/lucario_mega.geo.json",
    "assets/cobblemon/bedrock/pokemon/models/megas/0459_snover/snover.geo.json",
    "assets/cobblemon/bedrock/pokemon/models/megas/0460_abomasnow/abomasnow.geo.json",
    "assets/cobblemon/bedrock/pokemon/models/megas/0460_abomasnow/abomasnow_mega.geo.json",
    "assets/cobblemon/bedrock/pokemon/models/megas/0475_gallade/gallade_mega.geo.json",
    "assets/cobblemon/bedrock/pokemon/models/megas/0478_froslass/froslass_mega.geo.json",
    "assets/cobblemon/bedrock/pokemon/models/megas/0559_scrafty/scrafty_mega.geo.json",
    "assets/cobblemon/bedrock/pokemon/models/megas/0560_scrafty/scrafty_mega.geo.json",
    "assets/cobblemon/bedrock/pokemon/models/megas/0560_scrafty/scrafty_mega_karma.geo.json",
    "assets/cobblemon/bedrock/pokemon/models/megas/0560_scrafty/scrafty_mega_karma_aura1.geo.json",
    "assets/cobblemon/bedrock/pokemon/models/megas/0560_scrafty/scrafty_mega_karma_aura2.geo.json",
    "assets/cobblemon/bedrock/pokemon/models/megas/0609_chandelure/chandelure_mega.geo.json",
    "assets/cobblemon/bedrock/pokemon/models/megas/0623_golurk/golurk_mega.geo.json",
    "assets/cobblemon/bedrock/pokemon/models/megas/0652_chesnaught/chesnaught_mega.geo.json",
    "assets/cobblemon/bedrock/pokemon/models/megas/0670_floette/floette_eternal.geo.json",
    "assets/cobblemon/bedrock/pokemon/models/megas/0670_floette/floette_eternal_mega.geo.json",
    "assets/cobblemon/bedrock/pokemon/models/megas/0678_meowstic/meowstic_mega.geo.json",
    "assets/cobblemon/bedrock/pokemon/models/megas/0687_malamar/malamarmega.geo.json",
    "assets/cobblemon/bedrock/pokemon/models/megas/0689_barbaracle/barbaracle_mega.geo.json",
    "assets/cobblemon/bedrock/pokemon/models/megas/0691_dragalge/dragalge_mega.geo.json",
    "assets/cobblemon/bedrock/pokemon/models/megas/0740_crabominable/crabominable_mega.geo.json",
    "assets/cobblemon/bedrock/pokemon/models/megas/0870_falinks/falinks_mega.geo.json",
    "assets/cobblemon/bedrock/pokemon/models/megas/0970_glimmora/glimmora_mega.geo.json",
    "assets/cobblemon/bedrock/pokemon/posers/atlas_compat/atlas_legacy_sandshrew_alolan.json",
    "assets/cobblemon/bedrock/pokemon/posers/atlas_compat/atlas_legacy_talonflame.json",
    "assets/cobblemon/bedrock/pokemon/posers/atlas_compat18/atlas_compat18_chatot_circus.json",
    "assets/cobblemon/bedrock/pokemon/posers/atlas_legacy18/atlas_legacy18_feraligatr.json",
    "assets/cobblemon/bedrock/pokemon/posers/atlas_msd18/atlas_msd18_appletun_gmax.json",
    "assets/cobblemon/bedrock/pokemon/posers/atlas_msd18/atlas_msd18_blastoise_mega.json",
    "assets/cobblemon/bedrock/pokemon/posers/atlas_msd18/atlas_msd18_carkol.json",
    "assets/cobblemon/bedrock/pokemon/posers/atlas_msd18/atlas_msd18_chienpao.json",
    "assets/cobblemon/bedrock/pokemon/posers/atlas_msd18/atlas_msd18_coalossal.json",
    "assets/cobblemon/bedrock/pokemon/posers/atlas_msd18/atlas_msd18_cobalion.json",
    "assets/cobblemon/bedrock/pokemon/posers/atlas_msd18/atlas_msd18_delphoxmega.json",
    "assets/cobblemon/bedrock/pokemon/posers/atlas_msd18/atlas_msd18_drampamega.json",
    "assets/cobblemon/bedrock/pokemon/posers/atlas_msd18/atlas_msd18_entei.json",
    "assets/cobblemon/bedrock/pokemon/posers/atlas_msd18/atlas_msd18_feraligatr_mega.json",
    "assets/cobblemon/bedrock/pokemon/posers/atlas_msd18/atlas_msd18_fezandipiti.json",
    "assets/cobblemon/bedrock/pokemon/posers/atlas_msd18/atlas_msd18_gmaxgarbodor.json",
    "assets/cobblemon/bedrock/pokemon/posers/atlas_msd18/atlas_msd18_golurk_mega.json",
    "assets/cobblemon/bedrock/pokemon/posers/atlas_msd18/atlas_msd18_heatran.json",
    "assets/cobblemon/bedrock/pokemon/posers/atlas_msd18/atlas_msd18_hoopa_confined.json",
    "assets/cobblemon/bedrock/pokemon/posers/atlas_msd18/atlas_msd18_hoopa_unbound.json",
    "assets/cobblemon/bedrock/pokemon/posers/atlas_msd18/atlas_msd18_kangaskhan_mega.json",
    "assets/cobblemon/bedrock/pokemon/posers/atlas_msd18/atlas_msd18_munkidori.json",
    "assets/cobblemon/bedrock/pokemon/posers/atlas_msd18/atlas_msd18_okidogi.json",
    "assets/cobblemon/bedrock/pokemon/posers/atlas_msd18/atlas_msd18_raikou.json",
    "assets/cobblemon/bedrock/pokemon/posers/atlas_msd18/atlas_msd18_rolycoly.json",
    "assets/cobblemon/bedrock/pokemon/posers/atlas_msd18/atlas_msd18_skarmory.json",
    "assets/cobblemon/bedrock/pokemon/posers/atlas_msd18/atlas_msd18_suicune.json",
    "assets/cobblemon/bedrock/pokemon/posers/atlas_msd18/atlas_msd18_terrakion.json",
    "assets/cobblemon/bedrock/pokemon/posers/atlas_msd18/atlas_msd18_tinglu.json",
    "assets/cobblemon/bedrock/pokemon/posers/atlas_msd18/atlas_msd18_virizion.json",
    "assets/cobblemon/bedrock/pokemon/posers/atlas_msd18/atlas_msd18_wochien.json",
    "assets/cobblemon/bedrock/pokemon/resolvers/0115_kangaskhan/0_kangaskhan_base.json",
    "assets/cobblemon/bedrock/pokemon/resolvers/0569_garbodor/1_garbodor_gmax.json",
    "assets/cobblemon/bedrock/pokemon/resolvers/0841_flapple/1_flapple_gmax.json",
    "assets/cobblemon/bedrock/pokemon/resolvers/atlas_compat/emolga_legacy_roots.json",
    "assets/cobblemon/bedrock/pokemon/resolvers/atlas_compat/persian_legacy_roots.json",
    "assets/cobblemon/bedrock/pokemon/resolvers/atlas_compat/sandshrew_alolan_legacy.json",
    "assets/cobblemon/bedrock/pokemon/resolvers/atlas_compat/talonflame_egyptian.json",
    "assets/cobblemon/bedrock/pokemon/resolvers/atlas_compat/typhlosion_legacy_roots.json",
    "assets/cobblemon/bedrock/pokemon/resolvers/atlas_compat/wooper_legacy_roots.json",
    "assets/cobblemon/bedrock/pokemon/resolvers/atlas_compat/zoroark_legacy_roots.json",
    "assets/cobblemon/bedrock/pokemon/resolvers/atlas_compat18/atlas_compat18_chatot_circus.json",
    "assets/cobblemon/bedrock/pokemon/resolvers/atlas_legacy18/1000_feraligatr_legacy_pose.json",
    "assets/cobblemon/bedrock/pokemon/resolvers/atlas_msd18/100_hoopa_confined.json",
    "assets/cobblemon/bedrock/pokemon/resolvers/atlas_msd18/101_hoopa_unbound.json",
    "assets/cobblemon/bedrock/pokemon/resolvers/pokemon/02_generation/entei.json",
    "assets/cobblemon/bedrock/pokemon/resolvers/pokemon/02_generation/raikou.json",
    "assets/cobblemon/bedrock/pokemon/resolvers/pokemon/02_generation/suicune.json",
    "assets/cobblemon/bedrock/pokemon/resolvers/pokemon/04_generation/heatran.json",
    "assets/cobblemon/bedrock/pokemon/resolvers/pokemon/05_generation/cobalion.json",
    "assets/cobblemon/bedrock/pokemon/resolvers/pokemon/05_generation/terrakion.json",
    "assets/cobblemon/bedrock/pokemon/resolvers/pokemon/05_generation/virizion.json",
    "assets/cobblemon/bedrock/pokemon/resolvers/pokemon/08_generation/carkol.json",
    "assets/cobblemon/bedrock/pokemon/resolvers/pokemon/08_generation/coalossal.json",
    "assets/cobblemon/bedrock/pokemon/resolvers/pokemon/08_generation/rolycoly.json",
    "assets/cobblemon/bedrock/pokemon/resolvers/pokemon/09_generation/chienpao.json",
    "assets/cobblemon/bedrock/pokemon/resolvers/pokemon/09_generation/fezandpiti.json",
    "assets/cobblemon/bedrock/pokemon/resolvers/pokemon/09_generation/munkidori.json",
    "assets/cobblemon/bedrock/pokemon/resolvers/pokemon/09_generation/okidogi.json",
    "assets/cobblemon/bedrock/pokemon/resolvers/pokemon/09_generation/tinglu.json",
    "assets/cobblemon/bedrock/pokemon/resolvers/pokemon/09_generation/wochien.json",
    "assets/cobblemon/bedrock/pokemon/resolvers/pokemon/megas/0009_blastoise/1_blastoise_mega.json",
    "assets/cobblemon/bedrock/pokemon/resolvers/pokemon/megas/0160_feraligatr/7_feraligatr_mega.json",
    "assets/cobblemon/bedrock/pokemon/resolvers/pokemon/megas/0227_skarmory/7_skarmory_mega.json",
    "assets/cobblemon/bedrock/pokemon/resolvers/pokemon/megas/0623_golurk/7_golurk_mega.json",
    "assets/cobblemon/bedrock/pokemon/resolvers/pokemon/megas/0655_delphox/1_delphox_mega.json",
    "assets/cobblemon/bedrock/pokemon/resolvers/pokemon/megas/0780_drampa/7_drampa_mega.json",
    "assets/cobblemon/sounds.json",
    "assets/cobblemon/sounds/pokemon/hoopa/hoopaunbound_cry.ogg",
    "assets/cobblemon/textures/pokemon/atlas_msd18/0009_blastoise/blastoise_mega.png",
    "assets/cobblemon/textures/pokemon/atlas_msd18/0009_blastoise/blastoise_mega_alpha.png",
    "assets/cobblemon/textures/pokemon/atlas_msd18/0009_blastoise/blastoise_mega_circleglasses.png",
    "assets/cobblemon/textures/pokemon/atlas_msd18/0009_blastoise/blastoise_mega_emissive.png",
    "assets/cobblemon/textures/pokemon/atlas_msd18/0009_blastoise/blastoise_mega_shiny.png",
    "assets/cobblemon/textures/pokemon/atlas_msd18/0009_blastoise/blastoise_mega_triangleglasses.png",
    "assets/cobblemon/textures/pokemon/atlas_msd18/0115_kangaskhan/megakangaskhan.png",
    "assets/cobblemon/textures/pokemon/atlas_msd18/0115_kangaskhan/megakangaskhan_shiny.png",
    "assets/cobblemon/textures/pokemon/atlas_msd18/0160_feraligatr/feraligatr_mega.png",
    "assets/cobblemon/textures/pokemon/atlas_msd18/0160_feraligatr/feraligatr_mega_shiny.png",
    "assets/cobblemon/textures/pokemon/atlas_msd18/0227_skarmory/skarmory_mega.png",
    "assets/cobblemon/textures/pokemon/atlas_msd18/0227_skarmory/skarmory_mega_shiny.png",
    "assets/cobblemon/textures/pokemon/atlas_msd18/0243_raikou/raikou.png",
    "assets/cobblemon/textures/pokemon/atlas_msd18/0243_raikou/raikou_shiny.png",
    "assets/cobblemon/textures/pokemon/atlas_msd18/0244_entei/entei.png",
    "assets/cobblemon/textures/pokemon/atlas_msd18/0244_entei/entei_shiny.png",
    "assets/cobblemon/textures/pokemon/atlas_msd18/0245_suicune/suicune.png",
    "assets/cobblemon/textures/pokemon/atlas_msd18/0245_suicune/suicune_shiny.png",
    "assets/cobblemon/textures/pokemon/atlas_msd18/0485_heatran/heatran.png",
    "assets/cobblemon/textures/pokemon/atlas_msd18/0485_heatran/heatran_shiny.png",
    "assets/cobblemon/textures/pokemon/atlas_msd18/0569_garbodor/gmax_garbodor.png",
    "assets/cobblemon/textures/pokemon/atlas_msd18/0569_garbodor/gmax_garbodor_shiny.png",
    "assets/cobblemon/textures/pokemon/atlas_msd18/0623_golurk/golurk_mega.png",
    "assets/cobblemon/textures/pokemon/atlas_msd18/0623_golurk/golurk_mega_emissive.png",
    "assets/cobblemon/textures/pokemon/atlas_msd18/0623_golurk/golurk_mega_shiny.png",
    "assets/cobblemon/textures/pokemon/atlas_msd18/0623_golurk/golurk_mega_shiny_emissive.png",
    "assets/cobblemon/textures/pokemon/atlas_msd18/0638_cobalion/cobalion.png",
    "assets/cobblemon/textures/pokemon/atlas_msd18/0638_cobalion/cobalion_shiny.png",
    "assets/cobblemon/textures/pokemon/atlas_msd18/0639_terrakion/terrakion.png",
    "assets/cobblemon/textures/pokemon/atlas_msd18/0639_terrakion/terrakion_shiny.png",
    "assets/cobblemon/textures/pokemon/atlas_msd18/0640_virizion/virizion.png",
    "assets/cobblemon/textures/pokemon/atlas_msd18/0640_virizion/virizion_shiny.png",
    "assets/cobblemon/textures/pokemon/atlas_msd18/0655_delphox/delphox_mega.png",
    "assets/cobblemon/textures/pokemon/atlas_msd18/0655_delphox/delphox_mega_shiny.png",
    "assets/cobblemon/textures/pokemon/atlas_msd18/0720_hoopa/hoopa.png",
    "assets/cobblemon/textures/pokemon/atlas_msd18/0720_hoopa/hoopa_shiny.png",
    "assets/cobblemon/textures/pokemon/atlas_msd18/0720_hoopa/hoopa_unbound.png",
    "assets/cobblemon/textures/pokemon/atlas_msd18/0720_hoopa/hoopa_unbound_shiny.png",
    "assets/cobblemon/textures/pokemon/atlas_msd18/0780_drampa/drampa_mega.png",
    "assets/cobblemon/textures/pokemon/atlas_msd18/0780_drampa/drampa_mega_shiny.png",
    "assets/cobblemon/textures/pokemon/atlas_msd18/0837_rolycoly/rolycoly.png",
    "assets/cobblemon/textures/pokemon/atlas_msd18/0837_rolycoly/rolycoly_alpha.png",
    "assets/cobblemon/textures/pokemon/atlas_msd18/0837_rolycoly/rolycoly_emissive.png",
    "assets/cobblemon/textures/pokemon/atlas_msd18/0837_rolycoly/rolycoly_shiny.png",
    "assets/cobblemon/textures/pokemon/atlas_msd18/0838_carkol/carkol.png",
    "assets/cobblemon/textures/pokemon/atlas_msd18/0838_carkol/carkol_alpha.png",
    "assets/cobblemon/textures/pokemon/atlas_msd18/0838_carkol/carkol_emissive.png",
    "assets/cobblemon/textures/pokemon/atlas_msd18/0838_carkol/carkol_shiny.png",
    "assets/cobblemon/textures/pokemon/atlas_msd18/0839_coalossal/coalossal.png",
    "assets/cobblemon/textures/pokemon/atlas_msd18/0839_coalossal/coalossal_alpha.png",
    "assets/cobblemon/textures/pokemon/atlas_msd18/0839_coalossal/coalossal_emissive.png",
    "assets/cobblemon/textures/pokemon/atlas_msd18/0839_coalossal/coalossal_shiny.png",
    "assets/cobblemon/textures/pokemon/atlas_msd18/0842_appletun/appletun_gmax.png",
    "assets/cobblemon/textures/pokemon/atlas_msd18/0842_appletun/appletun_gmax_shiny.png",
    "assets/cobblemon/textures/pokemon/atlas_msd18/1001_wochien/wochien.png",
    "assets/cobblemon/textures/pokemon/atlas_msd18/1001_wochien/wochien_shiny.png",
    "assets/cobblemon/textures/pokemon/atlas_msd18/1002_chienpao/chienpao.png",
    "assets/cobblemon/textures/pokemon/atlas_msd18/1002_chienpao/chienpao_emissive.png",
    "assets/cobblemon/textures/pokemon/atlas_msd18/1002_chienpao/chienpao_shiny.png",
    "assets/cobblemon/textures/pokemon/atlas_msd18/1003_tinglu/tinglu.png",
    "assets/cobblemon/textures/pokemon/atlas_msd18/1003_tinglu/tinglu_shiny.png",
    "assets/cobblemon/textures/pokemon/atlas_msd18/1014_okidogi/okidogi.png",
    "assets/cobblemon/textures/pokemon/atlas_msd18/1014_okidogi/okidogi_shiny.png",
    "assets/cobblemon/textures/pokemon/atlas_msd18/1015_munkidori/munkidori.png",
    "assets/cobblemon/textures/pokemon/atlas_msd18/1015_munkidori/munkidori_shiny.png",
    "assets/cobblemon/textures/pokemon/atlas_msd18/1016_fezandipiti/fezandipiti.png",
    "assets/cobblemon/textures/pokemon/atlas_msd18/1016_fezandipiti/fezandipiti_shiny.png",
    "assets/cobblemon/textures/pokemon/atlas_msd18/blank.png",
    "assets/minecraft/textures/font/tags/flutter_mane.png",
    "assets/minecraft/textures/font/tags/glimmora.png",
    "assets/minecraft/textures/font/tags/shiny_flutter_mane.png",
    "assets/minecraft/textures/font/tags/shiny_glimmora.png"
  ],
  "deleted_paths": [
    "assets/cobblemon/textures/pokemon/07_generation/marshadow/Archive.zip"
  ],
  "download_reduction_percent": 97.7961
}
